2026-09-09 12:36:32 [backup] 快照完成 C:\DoubaoProjects\_backups\animal-bracelet\snapshot_20260909_123632 (17项)
2026-09-09 12:36:32 [check] ✅ 全部正常 (DB/二维码/打印稿/照片/代码/服务)
2026-09-09 12:36:38 [backup] 快照完成 C:\DoubaoProjects\_backups\animal-bracelet\snapshot_20260909_123638 (17项)
2026-09-09 12:36:38 [restore] ✅ 已从快照恢复 data/qrcodes
2026-09-09 12:36:38 [check] ⚠️ 发现 1 个问题: 二维码不足65个
2026-09-09 12:37:10 [backup] 快照 20260909_123710 (17项, 健康项: db, sheet, photos)
2026-09-09 12:37:10 [check] ⚠️ 二维码异常
2026-09-09 12:37:10 [restore] 无健康快照可恢复 data/qrcodes (key=qr)
2026-09-09 12:37:10 [check] ⚠️ 复检仍有问题: ['qr'] (原问题: ['qr'])
2026-09-09 12:37:41 [backup] 快照 20260909_123741 (16项, 健康项: db, sheet, photos)
2026-09-09 12:37:41 [check] ⚠️ 二维码异常
2026-09-09 12:37:41 [restore] 无健康快照可恢复 data/qrcodes (key=qr)
2026-09-09 12:37:41 [check] ⚠️ 复检仍有问题: ['qr'] (原问题: ['qr'])
2026-09-09 12:38:03 [backup] 快照 20260909_123803 (16项, 健康项: db, qr, sheet, photos)
2026-09-09 12:38:03 [check] ✅ 全部正常 (DB/二维码/打印稿/照片/代码/服务)
2026-09-09 12:38:03 [backup] 快照 20260909_123803 (15项, 健康项: sheet, photos)
2026-09-09 12:38:03 [check] ⚠️ 数据库异常
2026-09-09 12:38:03 [restore] ✅ 已从快照 snapshot_20260909_123741 恢复 data/animals.db
2026-09-09 12:38:03 [check] ⚠️ 二维码异常
2026-09-09 12:38:03 [restore] 无健康快照可恢复 data/qrcodes (key=qr)
2026-09-09 12:38:03 [restore] ✅ 已从快照 snapshot_20260909_123741 恢复 data/animals.db
2026-09-09 12:38:03 [check] ⚠️ 复检仍有问题: ['qr'] (原问题: ['db', 'qr', '缺失:data/animals.db'])
2026-09-09 12:38:40 [backup] 快照 20260909_123840_095841 (16项, 健康项: db, sheet, photos)
2026-09-09 12:38:40 [check] ⚠️ 二维码异常
2026-09-09 12:38:40 [restore] 无健康快照可恢复 data/qrcodes (key=qr)
2026-09-09 12:38:40 [check] ⚠️ 复检仍有问题: ['qr'] (原问题: ['qr'])
2026-09-09 12:38:40 [backup] 快照 20260909_123840_737553 (15项, 健康项: sheet, photos)
2026-09-09 12:38:40 [check] ⚠️ 数据库异常
2026-09-09 12:38:40 [restore] ✅ 已从快照 snapshot_20260909_123840_095841 恢复 data/animals.db
2026-09-09 12:38:41 [check] ⚠️ 二维码异常
2026-09-09 12:38:41 [restore] 无健康快照可恢复 data/qrcodes (key=qr)
2026-09-09 12:38:41 [restore] ✅ 已从快照 snapshot_20260909_123840_095841 恢复 data/animals.db
2026-09-09 12:38:41 [check] ⚠️ 复检仍有问题: ['qr'] (原问题: ['db', 'qr', '缺失:data/animals.db'])
2026-09-09 12:39:01 [backup] 快照 20260909_123900_969812 (16项, 健康项: db, qr, sheet, photos)
2026-09-09 12:39:01 [check] ✅ 全部正常 (DB/二维码/打印稿/照片/代码/服务)
2026-09-09 12:40:57 [backup] 快照 20260909_124057_145233 (14项, 健康项: photos)
2026-09-09 12:40:57 [check] ⚠️ 数据库异常
2026-09-09 12:40:57 [restore] ✅ 已从快照 snapshot_20260909_123900_969812 恢复 data/animals.db
2026-09-09 12:40:57 [check] ⚠️ 二维码异常
2026-09-09 12:40:57 [restore] ✅ 已从快照 snapshot_20260909_123900_969812 恢复 data/qrcodes
2026-09-09 12:40:57 [check] ⚠️ 打印稿异常
2026-09-09 12:40:57 [restore] ✅ 已从快照 snapshot_20260909_123900_969812 恢复 data/print_sheets
2026-09-09 12:40:57 [restore] ✅ 已从快照 snapshot_20260909_123900_969812 恢复 data/animals.db
2026-09-09 12:40:57 [restore] ✅ 已从快照 snapshot_20260909_123900_969812 恢复 data/print_sheets
2026-09-09 12:40:57 [check] ⚠️ 复检仍有问题: 服务未响应 (原问题: ['db', 'qr', 'sheet', '缺失:data/animals.db', '缺失:data/print_sheets'])
2026-09-09 12:43:14 [backup] 快照 20260909_124314_563054 (16项, 健康项: db, qr, sheet, photos)
2026-09-09 12:43:14 [check] ✅ 全部正常 (DB/二维码/打印稿/照片/代码/服务)
2026-09-09 12:43:31 [backup] 快照 20260909_124331_074579 (16项, 健康项: db, qr, sheet, photos)
2026-09-09 12:43:31 [backup] 清理旧快照 C:\DoubaoProjects\_backups\animal-bracelet\snapshot_20260909_123632
2026-09-09 12:43:31 [check] ✅ 全部正常 (DB/二维码/打印稿/照片/代码/服务)
2026-09-09 12:43:51 [backup] 快照 20260909_124351_475768 (16项, 健康项: db, qr, sheet, photos)
2026-09-09 12:43:51 [backup] 清理旧快照 C:\DoubaoProjects\_backups\animal-bracelet\snapshot_20260909_123638
2026-09-09 12:43:51 [check] ✅ 全部正常 (DB/二维码/打印稿/照片/代码/服务)
2026-09-09 22:23:56 [backup] 快照 20260909_222356_165082 (16项, 健康项: db, qr, sheet, photos)
2026-09-09 22:23:56 [backup] 清理旧快照 C:\DoubaoProjects\_backups\animal-bracelet\snapshot_20260909_123710
2026-09-09 22:23:56 [check] ✅ 全部正常 (DB/二维码/打印稿/照片/代码/服务)
2026-09-09 22:42:02 [backup] 快照 20260909_224201_966155 (16项, 健康项: db, qr, sheet, photos)
2026-09-09 22:42:02 [backup] 清理旧快照 C:\DoubaoProjects\_backups\animal-bracelet\snapshot_20260909_123741
2026-09-09 22:42:02 [check] ✅ 全部正常 (DB/二维码/打印稿/照片/代码/服务)
2026-09-10 12:42:02 [backup] 快照 20260910_124202_133078 (16项, 健康项: db, qr, sheet, photos)
2026-09-10 12:42:02 [backup] 清理旧快照 C:\DoubaoProjects\_backups\animal-bracelet\snapshot_20260909_123803
2026-09-10 12:42:02 [check] ✅ 全部正常 (DB/二维码/打印稿/照片/代码/服务)
2026-09-10 14:42:02 [backup] 快照 20260910_144202_092235 (16项, 健康项: db, qr, sheet, photos)
2026-09-10 14:42:02 [backup] 清理旧快照 C:\DoubaoProjects\_backups\animal-bracelet\snapshot_20260909_123840_095841
2026-09-10 14:42:02 [check] ✅ 全部正常 (DB/二维码/打印稿/照片/代码/服务)
